// Jest Snapshot v1, https://goo.gl/fbAQLP

exports[`<Header /> renders properly 1`] = `ShallowWrapper {}`;
