// Jest Snapshot v1, https://goo.gl/fbAQLP

exports[`<ClubList /> matches snapshot 1`] = `ShallowWrapper {}`;
